<<<<<<< HEAD
append some contents
=======
# How to create Branch in GIT

<<<<<<< HEAD
use git stash to fix the hotfix issue
=======
ubuntu@ip-172-31-7-0:~/git/devops-lab/git-labs/git-03-10072021$ git branch    # list of all available branches 
* master
ubuntu@ip-172-31-7-0:~/git/devops-lab/git-labs/git-03-10072021$
ubuntu@ip-172-31-7-0:~/git/devops-lab/git-labs/git-03-10072021$ git checkout staging  # switch from one branch to other branch
error: pathspec 'staging' did not match any file(s) known to git.
ubuntu@ip-172-31-7-0:~/git/devops-lab/git-labs/git-03-10072021$ git branch staging    # create a new branch called "staging"
ubuntu@ip-172-31-7-0:~/git/devops-lab/git-labs/git-03-10072021$ git branch
* master
  staging
ubuntu@ip-172-31-7-0:~/git/devops-lab/git-labs/git-03-10072021$ ls -l
total 4
-rw-rw-r-- 1 ubuntu ubuntu 30 Oct  7 02:44 git-03-10072021
ubuntu@ip-172-31-7-0:~/git/devops-lab/git-labs/git-03-10072021$ git checkout staging
Switched to branch 'staging'
ubuntu@ip-172-31-7-0:~/git/devops-lab/git-labs/git-03-10072021$ git branch
  master
* staging
ubuntu@ip-172-31-7-0:~/git/devops-lab/git-labs/git-03-10072021$ ls -la
total 12
drwxrwxr-x 2 ubuntu ubuntu 4096 Oct  7 02:43 .
drwxrwxr-x 5 ubuntu ubuntu 4096 Oct  7 02:40 ..
-rw-rw-r-- 1 ubuntu ubuntu   30 Oct  7 02:44 git-03-10072021
ubuntu@ip-172-31-7-0:~/git/devops-lab/git-labs/git-03-10072021$ ./../git-life-cycle.sh
On branch staging
nothing to commit, working directory clean
On branch staging
nothing to commit, working directory clean
Everything up-to-date
ubuntu@ip-172-31-7-0:~/git/devops-lab/git-labs/git-03-10072021$ ls
git-03-10072021
ubuntu@ip-172-31-7-0:~/git/devops-lab/git-labs/git-03-10072021$ git add .
ubuntu@ip-172-31-7-0:~/git/devops-lab/git-labs/git-03-10072021$ git commit -m "added today's file"
On branch staging
nothing to commit, working directory clean
ubuntu@ip-172-31-7-0:~/git/devops-lab/git-labs/git-03-10072021$ ls
git-03-10072021
ubuntu@ip-172-31-7-0:~/git/devops-lab/git-labs/git-03-10072021$ cat > git-03-10072021
append some contents
^C
ubuntu@ip-172-31-7-0:~/git/devops-lab/git-labs/git-03-10072021$
ubuntu@ip-172-31-7-0:~/git/devops-lab/git-labs/git-03-10072021$ ./../git-life-cycle.sh
On branch staging
Changes not staged for commit:
  (use "git add <file>..." to update what will be committed)
  (use "git checkout -- <file>..." to discard changes in working directory)

        modified:   git-03-10072021

no changes added to commit (use "git add" and/or "git commit -a")
[staging 911c51c] 10072021
 1 file changed, 1 insertion(+), 1 deletion(-)
Everything up-to-date
ubuntu@ip-172-31-7-0:~/git/devops-lab/git-labs/git-03-10072021$
ubuntu@ip-172-31-7-0:~/git/devops-lab/git-labs/git-03-10072021$ git branch
  master
* staging
ubuntu@ip-172-31-7-0:~/git/devops-lab/git-labs/git-03-10072021$ ls -l
total 4
-rw-rw-r-- 1 ubuntu ubuntu 21 Oct  7 02:51 git-03-10072021
ubuntu@ip-172-31-7-0:~/git/devops-lab/git-labs/git-03-10072021$ cat -n git-03-10072021
     1  append some contents
ubuntu@ip-172-31-7-0:~/git/devops-lab/git-labs/git-03-10072021$ git push origin staging
Counting objects: 5, done.
Compressing objects: 100% (3/3), done.
Writing objects: 100% (5/5), 391 bytes | 0 bytes/s, done.
Total 5 (delta 2), reused 0 (delta 0)
remote: Resolving deltas: 100% (2/2), completed with 2 local objects.
remote:
remote: Create a pull request for 'staging' on GitHub by visiting:
remote:      https://github.com/xavyaly/devops-lab/pull/new/staging
remote:
To git@github.com:xavyaly/devops-lab.git
 * [new branch]      staging -> staging
ubuntu@ip-172-31-7-0:~/git/devops-lab/git-labs/git-03-10072021$
ubuntu@ip-172-31-7-0:~/git/devops-lab/git-labs/git-03-10072021$
ubuntu@ip-172-31-7-0:~/git/devops-lab/git-labs/git-03-10072021$

---------------------------------------------------------------------------------------------------

# Branch merge

1. You can't merge branches of different repositories
2. we use pulling mechanism to merge branches 
3. To merge branches (git merge <branch_name>)
4. Then run "git log --online"


---------------------------------------------------------------------------------------------------

# git conflict:

1. When same file having different content in different branch, if you do branch merge, conflict occurs (resolve conflitc than add & commit).
2. Conflict occurs when you merge branch 

Ex-1:

Branch: master 
File_name: git-03-10072021
Content: 
# How to create Branch in GIT

Branch: staging
File_name: git-03-10072021
Content: 
# How to create Branch in GIT
append some contents

Note:
when you merge above branch then there is no conflict because there is same line available in both file, it'll know second line to merge

Ex-2:

Branch: master 
File_name: git-03-10072021
Content: 
# How to create Branch in GIT(-)

Branch: staging
File_name: git-03-10072021
Content: 
append some contents(+)

Note:
In above example, when we merge branches git will confuse which data to add above or below.
When data is completely different then conflict occurs.

---------------------------------------------------------------------------------------------------

# sync code from master to staging

ubuntu@ip-172-31-7-0:~$ cd git/devops-lab/
ubuntu@ip-172-31-7-0:~/git/devops-lab$ ls -l
total 28
-rw-rw-r-- 1 ubuntu ubuntu 1498 Oct  5 02:41 devops-routine
drwxrwxr-x 5 ubuntu ubuntu 4096 Oct  7 02:40 git-labs
drwxrwxr-x 2 ubuntu ubuntu 4096 Oct  5 02:41 linux-labs
drwxrwxr-x 2 ubuntu ubuntu 4096 Oct  5 02:41 powershell-labs
drwxrwxr-x 2 ubuntu ubuntu 4096 Oct  5 02:41 python-labs
-rw-rw-r-- 1 ubuntu ubuntu   17 Oct  5 02:41 README.md
drwxrwxr-x 2 ubuntu ubuntu 4096 Oct  5 02:41 shellscripting-labs
ubuntu@ip-172-31-7-0:~/git/devops-lab$ cd git-labs/
ubuntu@ip-172-31-7-0:~/git/devops-lab/git-labs$ git branch
  master
* staging
ubuntu@ip-172-31-7-0:~/git/devops-lab/git-labs$
ubuntu@ip-172-31-7-0:~/git/devops-lab/git-labs$ ls -l
total 16
drwxrwxr-x 2 ubuntu ubuntu 4096 Oct  6 03:10 git-01-10052021
drwxrwxr-x 3 ubuntu ubuntu 4096 Oct  7 02:37 git-02-10062021
drwxrwxr-x 2 ubuntu ubuntu 4096 Oct  7 02:43 git-03-10072021
-rwxrw-r-- 1 ubuntu ubuntu   84 Oct  7 02:37 git-life-cycle.sh
ubuntu@ip-172-31-7-0:~/git/devops-lab/git-labs$ ./git-life-cycle.sh
On branch staging
nothing to commit, working directory clean
On branch staging
nothing to commit, working directory clean
To git@github.com:xavyaly/devops-lab.git
 ! [rejected]        master -> master (fetch first)
error: failed to push some refs to 'git@github.com:xavyaly/devops-lab.git'
hint: Updates were rejected because the remote contains work that you do
hint: not have locally. This is usually caused by another repository pushing
hint: to the same ref. You may want to first integrate the remote changes
hint: (e.g., 'git pull ...') before pushing again.
hint: See the 'Note about fast-forwards' in 'git push --help' for details.
ubuntu@ip-172-31-7-0:~/git/devops-lab/git-labs$
ubuntu@ip-172-31-7-0:~/git/devops-lab/git-labs$
ubuntu@ip-172-31-7-0:~/git/devops-lab/git-labs$
ubuntu@ip-172-31-7-0:~/git/devops-lab/git-labs$ git pull origin master
remote: Enumerating objects: 8, done.
remote: Counting objects: 100% (8/8), done.
remote: Compressing objects: 100% (4/4), done.
remote: Total 5 (delta 2), reused 0 (delta 0), pack-reused 0
Unpacking objects: 100% (5/5), done.
From github.com:xavyaly/devops-lab
 * branch            master     -> FETCH_HEAD
   b60fa38..8b2ba2a  master     -> origin/master
Auto-merging git-labs/git-03-10072021/git-03-10072021
CONFLICT (content): Merge conflict in git-labs/git-03-10072021/git-03-10072021
Automatic merge failed; fix conflicts and then commit the result.
ubuntu@ip-172-31-7-0:~/git/devops-lab/git-labs$
ubuntu@ip-172-31-7-0:~/git/devops-lab/git-labs$
ubuntu@ip-172-31-7-0:~/git/devops-lab/git-labs$
ubuntu@ip-172-31-7-0:~/git/devops-lab/git-labs$ ls -l
total 16
drwxrwxr-x 2 ubuntu ubuntu 4096 Oct  6 03:10 git-01-10052021
drwxrwxr-x 3 ubuntu ubuntu 4096 Oct  7 02:37 git-02-10062021
drwxrwxr-x 2 ubuntu ubuntu 4096 Oct  7 03:15 git-03-10072021
-rwxrw-r-- 1 ubuntu ubuntu   84 Oct  7 02:37 git-life-cycle.sh
ubuntu@ip-172-31-7-0:~/git/devops-lab/git-labs$
ubuntu@ip-172-31-7-0:~/git/devops-lab/git-labs$
ubuntu@ip-172-31-7-0:~/git/devops-lab/git-labs$ ./git-life-cycle.sh
On branch staging
You have unmerged paths.
  (fix conflicts and run "git commit")

Unmerged paths:
  (use "git add <file>..." to mark resolution)

        both modified:   git-03-10072021/git-03-10072021

no changes added to commit (use "git add" and/or "git commit -a")
[staging 3c1ac0e] 10072021
To git@github.com:xavyaly/devops-lab.git
 ! [rejected]        master -> master (non-fast-forward)
error: failed to push some refs to 'git@github.com:xavyaly/devops-lab.git'
hint: Updates were rejected because a pushed branch tip is behind its remote
hint: counterpart. Check out this branch and integrate the remote changes
hint: (e.g. 'git pull ...') before pushing again.
hint: See the 'Note about fast-forwards' in 'git push --help' for details.
ubuntu@ip-172-31-7-0:~/git/devops-lab/git-labs$ cat git-life-cycle.sh
#!/bin/bash

git status
git add .
git commit -m "10072021"
git push origin master
ubuntu@ip-172-31-7-0:~/git/devops-lab/git-labs$
ubuntu@ip-172-31-7-0:~/git/devops-lab/git-labs$ vim git-life-cycle.sh
ubuntu@ip-172-31-7-0:~/git/devops-lab/git-labs$
ubuntu@ip-172-31-7-0:~/git/devops-lab/git-labs$
ubuntu@ip-172-31-7-0:~/git/devops-lab/git-labs$ ./git-life-cycle.sh
On branch staging
Changes not staged for commit:
  (use "git add <file>..." to update what will be committed)
  (use "git checkout -- <file>..." to discard changes in working directory)

        modified:   git-life-cycle.sh

no changes added to commit (use "git add" and/or "git commit -a")
[staging 83935d7] 10072021
 1 file changed, 1 insertion(+), 1 deletion(-)
Counting objects: 9, done.
Compressing objects: 100% (8/8), done.
Writing objects: 100% (9/9), 1.93 KiB | 0 bytes/s, done.
Total 9 (delta 5), reused 0 (delta 0)
remote: Resolving deltas: 100% (5/5), completed with 3 local objects.
To git@github.com:xavyaly/devops-lab.git
   911c51c..83935d7  staging -> staging
ubuntu@ip-172-31-7-0:~/git/devops-lab/git-labs$

---------------------------------------------------------------------------------------------------

# merge from master to staging branch

ubuntu@ip-172-31-7-0:~/git/devops-lab/git-labs$ git branch
  master
* staging
ubuntu@ip-172-31-7-0:~/git/devops-lab/git-labs$
ubuntu@ip-172-31-7-0:~/git/devops-lab/git-labs$
ubuntu@ip-172-31-7-0:~/git/devops-lab/git-labs$
ubuntu@ip-172-31-7-0:~/git/devops-lab/git-labs$
ubuntu@ip-172-31-7-0:~/git/devops-lab/git-labs$
ubuntu@ip-172-31-7-0:~/git/devops-lab/git-labs$
ubuntu@ip-172-31-7-0:~/git/devops-lab/git-labs$
ubuntu@ip-172-31-7-0:~/git/devops-lab/git-labs$ git pull origin master
remote: Enumerating objects: 8, done.
remote: Counting objects: 100% (8/8), done.
remote: Compressing objects: 100% (4/4), done.
remote: Total 5 (delta 2), reused 0 (delta 0), pack-reused 0
Unpacking objects: 100% (5/5), done.
From github.com:xavyaly/devops-lab
 * branch            master     -> FETCH_HEAD
   8b2ba2a..42d93b4  master     -> origin/master
Auto-merging git-labs/git-03-10072021/git-03-10072021
Merge made by the 'recursive' strategy.
 git-labs/git-03-10072021/git-03-10072021 | 113 ++++++++++++++++++++++++++++++++++++++++++++++++++++++++++++++++++++++++++++++++++++++++++++++++++++++++++++
 1 file changed, 113 insertions(+)
ubuntu@ip-172-31-7-0:~/git/devops-lab/git-labs$
ubuntu@ip-172-31-7-0:~/git/devops-lab/git-labs$
ubuntu@ip-172-31-7-0:~/git/devops-lab/git-labs$ ./git-life-cycle.sh
On branch staging
nothing to commit, working directory clean
On branch staging
nothing to commit, working directory clean
Counting objects: 5, done.
Compressing objects: 100% (4/4), done.
Writing objects: 100% (5/5), 2.52 KiB | 0 bytes/s, done.
Total 5 (delta 2), reused 0 (delta 0)
remote: Resolving deltas: 100% (2/2), completed with 2 local objects.
To git@github.com:xavyaly/devops-lab.git
   83935d7..9b444c0  staging -> staging
ubuntu@ip-172-31-7-0:~/git/devops-lab/git-labs$

-------------------------------------------------------------------------------------------

# git stash 

1. Suppose, you are implementing a new feature(branch) for your product.
Your code is in progress & suddenly a customer escalation comes beacuse of this, you have to keep aside your new feature work for few hours.
You can't commit your partial code & also can't throw away your changes.
So, you need some temporary storage, where you can store your partial changes & later on commit it.
2. To stash an item (only applies to modified files not new files)

Lab:

Note: Here we faced merge conflict issue in master branch and it got resolved.


ubuntu@ip-172-31-7-0:~$ cd git/devops-lab/git-labs/
ubuntu@ip-172-31-7-0:~/git/devops-lab/git-labs$ ls -l
total 16
drwxrwxr-x 2 ubuntu ubuntu 4096 Oct  6 03:10 git-01-10052021
drwxrwxr-x 3 ubuntu ubuntu 4096 Oct  7 02:37 git-02-10062021
drwxrwxr-x 2 ubuntu ubuntu 4096 Oct  7 03:21 git-03-10072021
-rwxrw-r-- 1 ubuntu ubuntu   85 Oct  7 03:16 git-life-cycle.sh
ubuntu@ip-172-31-7-0:~/git/devops-lab/git-labs$ cd git-03-10072021/
ubuntu@ip-172-31-7-0:~/git/devops-lab/git-labs/git-03-10072021$ ls -l
total 12
-rw-rw-r-- 1 ubuntu ubuntu 10125 Oct  7 03:21 git-03-10072021
ubuntu@ip-172-31-7-0:~/git/devops-lab/git-labs/git-03-10072021$ touch dummy_file
ubuntu@ip-172-31-7-0:~/git/devops-lab/git-labs/git-03-10072021$ git add .
ubuntu@ip-172-31-7-0:~/git/devops-lab/git-labs/git-03-10072021$ git commit -m "dummy_file added"
[staging 84d4bbd] dummy_file added
 1 file changed, 0 insertions(+), 0 deletions(-)
 create mode 100644 git-labs/git-03-10072021/dummy_file
ubuntu@ip-172-31-7-0:~/git/devops-lab/git-labs/git-03-10072021$ vim dummy_file
ubuntu@ip-172-31-7-0:~/git/devops-lab/git-labs/git-03-10072021$ cat -n dummy_file
     1  added few lines of code
ubuntu@ip-172-31-7-0:~/git/devops-lab/git-labs/git-03-10072021$ git branch
  master
* staging
ubuntu@ip-172-31-7-0:~/git/devops-lab/git-labs/git-03-10072021$ git stash
Saved working directory and index state WIP on staging: 84d4bbd dummy_file added
HEAD is now at 84d4bbd dummy_file added
ubuntu@ip-172-31-7-0:~/git/devops-lab/git-labs/git-03-10072021$ git checkout master
Switched to branch 'master'
Your branch is behind 'origin/master' by 2 commits, and can be fast-forwarded.
  (use "git pull" to update your local branch)
ubuntu@ip-172-31-7-0:~/git/devops-lab/git-labs/git-03-10072021$ git branch
* master
  staging
ubuntu@ip-172-31-7-0:~/git/devops-lab/git-labs/git-03-10072021$ ls -l
total 4
-rw-rw-r-- 1 ubuntu ubuntu 30 Oct  7 03:32 git-03-10072021
ubuntu@ip-172-31-7-0:~/git/devops-lab/git-labs/git-03-10072021$
ubuntu@ip-172-31-7-0:~/git/devops-lab/git-labs/git-03-10072021$ vim git-03-10072021
ubuntu@ip-172-31-7-0:~/git/devops-lab/git-labs/git-03-10072021$
ubuntu@ip-172-31-7-0:~/git/devops-lab/git-labs/git-03-10072021$
ubuntu@ip-172-31-7-0:~/git/devops-lab/git-labs/git-03-10072021$ git status
On branch master
Your branch is behind 'origin/master' by 2 commits, and can be fast-forwarded.
  (use "git pull" to update your local branch)
Changes not staged for commit:
  (use "git add <file>..." to update what will be committed)
  (use "git checkout -- <file>..." to discard changes in working directory)

        modified:   git-03-10072021

no changes added to commit (use "git add" and/or "git commit -a")
ubuntu@ip-172-31-7-0:~/git/devops-lab/git-labs/git-03-10072021$ ls -l
total 4
-rw-rw-r-- 1 ubuntu ubuntu 69 Oct  7 03:34 git-03-10072021
ubuntu@ip-172-31-7-0:~/git/devops-lab/git-labs/git-03-10072021$ git add .
ubuntu@ip-172-31-7-0:~/git/devops-lab/git-labs/git-03-10072021$ git commit -m "fix the hotfix issue"
[master 31fc6f3] fix the hotfix issue
 1 file changed, 2 insertions(+)
ubuntu@ip-172-31-7-0:~/git/devops-lab/git-labs/git-03-10072021$ git push origin master
To git@github.com:xavyaly/devops-lab.git
 ! [rejected]        master -> master (non-fast-forward)
error: failed to push some refs to 'git@github.com:xavyaly/devops-lab.git'
hint: Updates were rejected because the tip of your current branch is behind
hint: its remote counterpart. Integrate the remote changes (e.g.
hint: 'git pull ...') before pushing again.
hint: See the 'Note about fast-forwards' in 'git push --help' for details.
ubuntu@ip-172-31-7-0:~/git/devops-lab/git-labs/git-03-10072021$
ubuntu@ip-172-31-7-0:~/git/devops-lab/git-labs/git-03-10072021$ git pull origin master
remote: Enumerating objects: 8, done.
remote: Counting objects: 100% (8/8), done.
remote: Compressing objects: 100% (4/4), done.
Unpacking objects: 100% (5/5), done.
remote: Total 5 (delta 2), reused 0 (delta 0), pack-reused 0
From github.com:xavyaly/devops-lab
 * branch            master     -> FETCH_HEAD
   42d93b4..5325d4f  master     -> origin/master
Auto-merging git-labs/git-03-10072021/git-03-10072021
CONFLICT (content): Merge conflict in git-labs/git-03-10072021/git-03-10072021
Automatic merge failed; fix conflicts and then commit the result.
ubuntu@ip-172-31-7-0:~/git/devops-lab/git-labs/git-03-10072021$
ubuntu@ip-172-31-7-0:~/git/devops-lab/git-labs/git-03-10072021$ git status
On branch master
Your branch and 'origin/master' have diverged,
and have 1 and 3 different commits each, respectively.
  (use "git pull" to merge the remote branch into yours)
You have unmerged paths.
  (fix conflicts and run "git commit")

Unmerged paths:
  (use "git add <file>..." to mark resolution)

        both modified:   git-03-10072021

no changes added to commit (use "git add" and/or "git commit -a")
ubuntu@ip-172-31-7-0:~/git/devops-lab/git-labs/git-03-10072021$ git push origin master
To git@github.com:xavyaly/devops-lab.git
 ! [rejected]        master -> master (non-fast-forward)
error: failed to push some refs to 'git@github.com:xavyaly/devops-lab.git'
hint: Updates were rejected because the tip of your current branch is behind
hint: its remote counterpart. Integrate the remote changes (e.g.
hint: 'git pull ...') before pushing again.
hint: See the 'Note about fast-forwards' in 'git push --help' for details.
ubuntu@ip-172-31-7-0:~/git/devops-lab/git-labs/git-03-10072021$
ubuntu@ip-172-31-7-0:~/git/devops-lab/git-labs/git-03-10072021$ git branch
* master
  staging
ubuntu@ip-172-31-7-0:~/git/devops-lab/git-labs/git-03-10072021$ ls -l
total 16
-rw-rw-r-- 1 ubuntu ubuntu 12732 Oct  7 03:35 git-03-10072021
ubuntu@ip-172-31-7-0:~/git/devops-lab/git-labs/git-03-10072021$
ubuntu@ip-172-31-7-0:~/git/devops-lab/git-labs/git-03-10072021$ tail -10 git-03-10072021









>>>>>>> 5325d4f4f82faf61d10acdcb0b40d2694c9384e7
ubuntu@ip-172-31-7-0:~/git/devops-lab/git-labs/git-03-10072021$ tail -20 git-03-10072021

1. Suppose, you are implementing a new feature(branch) for your product.
Your code is in progress & suddenly a customer escalation comes beacuse of this, you have to keep aside your new feature work for few hours.
You can't commit your partial code & also can't throw away your changes.
So, you need some temporary storage, where you can store your partial changes & later on commit it.
2. To stash an item (only applies to modified files not new files)


-------------------------------------------------------------------------------------------










>>>>>>> 5325d4f4f82faf61d10acdcb0b40d2694c9384e7
ubuntu@ip-172-31-7-0:~/git/devops-lab/git-labs/git-03-10072021$ ls -l
total 16
-rw-rw-r-- 1 ubuntu ubuntu 12732 Oct  7 03:35 git-03-10072021
ubuntu@ip-172-31-7-0:~/git/devops-lab/git-labs/git-03-10072021$


ubuntu@ip-172-31-7-0:~/git/devops-lab/git-labs/git-03-10072021$ git branch
* master
  staging
ubuntu@ip-172-31-7-0:~/git/devops-lab/git-labs/git-03-10072021$ git checkout staging
git-labs/git-03-10072021/git-03-10072021: needs merge
error: you need to resolve your current index first
ubuntu@ip-172-31-7-0:~/git/devops-lab/git-labs/git-03-10072021$ git branch
* master
  staging
ubuntu@ip-172-31-7-0:~/git/devops-lab/git-labs/git-03-10072021$
ubuntu@ip-172-31-7-0:~/git/devops-lab/git-labs/git-03-10072021$
ubuntu@ip-172-31-7-0:~/git/devops-lab/git-labs/git-03-10072021$
ubuntu@ip-172-31-7-0:~/git/devops-lab/git-labs/git-03-10072021$ git merge
error: merge is not possible because you have unmerged files.
hint: Fix them up in the work tree, and then use 'git add/rm <file>'
hint: as appropriate to mark resolution and make a commit.
fatal: Exiting because of an unresolved conflict.
ubuntu@ip-172-31-7-0:~/git/devops-lab/git-labs/git-03-10072021$
ubuntu@ip-172-31-7-0:~/git/devops-lab/git-labs/git-03-10072021$
ubuntu@ip-172-31-7-0:~/git/devops-lab/git-labs/git-03-10072021$ git add .
ubuntu@ip-172-31-7-0:~/git/devops-lab/git-labs/git-03-10072021$ git commit -m "updated the file"
[master 362ba67] updated the file
ubuntu@ip-172-31-7-0:~/git/devops-lab/git-labs/git-03-10072021$ git branch
* master
  staging
ubuntu@ip-172-31-7-0:~/git/devops-lab/git-labs/git-03-10072021$ git push
warning: push.default is unset; its implicit value has changed in
Git 2.0 from 'matching' to 'simple'. To squelch this message
and maintain the traditional behavior, use:

  git config --global push.default matching

To squelch this message and adopt the new behavior now, use:

  git config --global push.default simple

When push.default is set to 'matching', git will push local branches
to the remote branches that already exist with the same name.

Since Git 2.0, Git defaults to the more conservative 'simple'
behavior, which only pushes the current branch to the corresponding
remote branch that 'git pull' uses to update the current branch.

See 'git help config' and search for 'push.default' for further information.
(the 'simple' mode was introduced in Git 1.7.11. Use the similar mode
'current' instead of 'simple' if you sometimes use older versions of Git)

Counting objects: 10, done.
Compressing objects: 100% (8/8), done.
Writing objects: 100% (10/10), 3.32 KiB | 0 bytes/s, done.
Total 10 (delta 4), reused 0 (delta 0)
remote: Resolving deltas: 100% (4/4), completed with 2 local objects.
To git@github.com:xavyaly/devops-lab.git
   5325d4f..362ba67  master -> master
ubuntu@ip-172-31-7-0:~/git/devops-lab/git-labs/git-03-10072021$
ubuntu@ip-172-31-7-0:~/git/devops-lab/git-labs/git-03-10072021$
ubuntu@ip-172-31-7-0:~/git/devops-lab/git-labs/git-03-10072021$
ubuntu@ip-172-31-7-0:~/git/devops-lab/git-labs/git-03-10072021$ git checkout staging
Switched to branch 'staging'
ubuntu@ip-172-31-7-0:~/git/devops-lab/git-labs/git-03-10072021$ ls -l
total 12
-rw-rw-r-- 1 ubuntu ubuntu     0 Oct  7 03:44 dummy_file
-rw-rw-r-- 1 ubuntu ubuntu 10125 Oct  7 03:44 git-03-10072021
ubuntu@ip-172-31-7-0:~/git/devops-lab/git-labs/git-03-10072021$ cat -n dummy_file
ubuntu@ip-172-31-7-0:~/git/devops-lab/git-labs/git-03-10072021$ ./../git-life-cycle.sh
On branch staging
nothing to commit, working directory clean
On branch staging
nothing to commit, working directory clean
Counting objects: 5, done.
Compressing objects: 100% (4/4), done.
Writing objects: 100% (5/5), 412 bytes | 0 bytes/s, done.
Total 5 (delta 2), reused 0 (delta 0)
remote: Resolving deltas: 100% (2/2), completed with 2 local objects.
To git@github.com:xavyaly/devops-lab.git
   9b444c0..84d4bbd  staging -> staging
ubuntu@ip-172-31-7-0:~/git/devops-lab/git-labs/git-03-10072021$

-------------------------------------------------------------------------------------------

<<<<<<< HEAD
<<<<<<< HEAD
>>>>>>> 8b2ba2a7c24a32a48abaa4d873bc14f16feef426
=======
>>>>>>> 5325d4f4f82faf61d10acdcb0b40d2694c9384e7
>>>>>>> 956746cf148a2a9a52a3b1c3ac4649521e568558
=======
>>>>>>> 5325d4f4f82faf61d10acdcb0b40d2694c9384e7
>>>>>>> 956746cf148a2a9a52a3b1c3ac4649521e568558
